Simulation for N=10 completed. Results saved in results_N10.log
Simulation for N=40 completed. Results saved in results_N40.log
Simulation for N=4000 completed. Results saved in results_N4000.log
